     1                                  input:
     2                                  
     3                                  	mov eax, bb
     4          ******************       error: symbol `bb' undefined
     5 00000000 BB01000000              	mov ebx, 1
     6                                  	call printStr
     7          ******************       error: symbol `printStr' undefined
     8                                  	
     9                                  	push no1
    10          ******************       error: symbol `no1' undefined
    11                                      push format
    12          ******************       error: symbol `format' undefined
    13                                      call scanf
    14          ******************       error: symbol `scanf' undefined
    15 00000005 83C408                      add esp, 8
    16                                      
    17                                      mov eax,[no1]
    18          ******************       error: symbol `no1' undefined
    19 00000008 83F841                      cmp eax,65
    20                                      je exit
    21          ******************       error: symbol `exit' undefined
    22                                      
    23                                      mov eax, tb
    24          ******************       error: symbol `tb' undefined
    25 0000000B BB01000000              	mov ebx, 1
    26                                  	call printStr
    27          ******************       error: symbol `printStr' undefined
    28                                  	
    29                                  	push no2
    30          ******************       error: symbol `no2' undefined
    31                                      push format
    32          ******************       error: symbol `format' undefined
    33                                      call scanf
    34          ******************       error: symbol `scanf' undefined
    35 00000010 83C408                      add esp, 8
    36                                  	;call scanNum
    37                                  	;mov dword [no2], eax
    38                                      
    39                                      mov eax, um
    40          ******************       error: symbol `um' undefined
    41 00000013 BB01000000              	mov ebx, 1
    42                                  	call printStr
    43          ******************       error: symbol `printStr' undefined
    44                                  	
    45                                  	push no3
    46          ******************       error: symbol `no3' undefined
    47                                      push format
    48          ******************       error: symbol `format' undefined
    49                                      call scanf
    50          ******************       error: symbol `scanf' undefined
    51 00000018 83C408                      add esp, 8
    52                                  	;call scanNum
    53                                  	;mov dword [no3], eax
    54                                      
    55                                      mov eax, fo
    56          ******************       error: symbol `fo' undefined
    57 0000001B BB01000000              	mov ebx, 1
    58                                  	call printStr
    59          ******************       error: symbol `printStr' undefined
    60                                  	
    61                                  	mov eax, formula
    62          ******************       error: symbol `formula' undefined
    63 00000020 BB01000000              	mov ebx, 1
    64                                  	call printStr
    65          ******************       error: symbol `printStr' undefined
    66                                  	
    67                                  	; scanf dengan format %f
    68                                      call scanNum
    69          ******************       error: symbol `scanNum' undefined
    70                                      mov dword [n], eax
    71          ******************       error: symbol `n' undefined
    72 00000025 C3                         ret
